// Jest Snapshot v1, https://goo.gl/fbAQLP

exports[`Document renders successfully 1`] = `
<div>
  <header
    class="flex flex-nowrap justify-start justify-self-start min-w-full pl-3 py-1 shadow-md border-b-2 border-cyan-500 dark:border-slate-200 z-50"
  >
    <h2
      class="chakra-heading text-xl font-bold font-heading css-0"
    >
      ðŸ¦´ Doggo
    </h2>
  </header>
</div>
`;
