// Jest Snapshot v1, https://goo.gl/fbAQLP

exports[`HomePage renders successfully 1`] = `
<div>
  <div
    class="flex flex-col mt-6 justify-center items-center"
  >
    <button
      class="chakra-button css-4xx2wk"
      type="button"
    >
      Fetch
    </button>
  </div>
</div>
`;
